[consiliumnsit.com/index.html]
[backblue.gif]
[fade.gif]
[index.html]
[consiliumnsit.com/css/bootstrap.min.css]
[consiliumnsit.com/css/flexslider.css]
[consiliumnsit.com/css/jquery.fancybox.css]
[consiliumnsit.com/css/main.css]
[consiliumnsit.com/css/responsive.css]
[consiliumnsit.com/css/animate.min.css]
[consiliumnsit.com/css/font-icon.css]
[consiliumnsit.com/css/Footer-with-map.css]
[maxcdn.bootstrapcdn.com/font-awesome/4.4.0/css/font-awesome.min.css]
[consiliumnsit.com/slick/slick.css]
[consiliumnsit.com/slick/slick-theme.css]
[consiliumnsit.com/css/index.css]
[consiliumnsit.com/images/logowhite.png]
[consiliumnsit.com/images/cons17.jpg]
[consiliumnsit.com/images/FES_Logo.png]
[consiliumnsit.com/tradeverse.html]
[consiliumnsit.com/ccc.html]
[consiliumnsit.com/nsbc.html]
[consiliumnsit.com/hackrupt.html]
[consiliumnsit.com/shatranj.html]
[consiliumnsit.com/kaizen.html]
[consiliumnsit.com/speaker.html]
[consiliumnsit.com/images/team/duru.jpg]
[consiliumnsit.com/images/team/aarushi.jpg]
[consiliumnsit.com/images/team/akshi.jpg]
[consiliumnsit.com/images/team/divye.jpg]
[consiliumnsit.com/images/team/namrata.jpg]
[consiliumnsit.com/images/team/neelabh.jpg]
[consiliumnsit.com/images/team/nitish.jpg]
[consiliumnsit.com/images/team/Radhieka.jpg]
[consiliumnsit.com/images/team/sakshi.jpg]
[consiliumnsit.com/images/team/shray.jpg]
[consiliumnsit.com/images/team/bhavitvya.jpg]
[consiliumnsit.com/images/team/tanish.jpg]
[consiliumnsit.com/images/team/raina.jpg]
[consiliumnsit.com/images/team/shantanu.jpg]
[consiliumnsit.com/images/team/paul.jpg]
[consiliumnsit.com/images/team/isha.jpg]
[consiliumnsit.com/images/team/agrima.jpg]
[consiliumnsit.com/images/team/ujjawal.jpg]
[consiliumnsit.com/images/team/manu.jpg]
[consiliumnsit.com/images/team/nikita.jpg]
[consiliumnsit.com/images/team/milind.jpg]
[consiliumnsit.com/images/team/Rashmi.jpg]
[consiliumnsit.com/images/team/Venugopal.jpg]
[consiliumnsit.com/images/team/aishanya.jpg]
[consiliumnsit.com/images/team/ansh.jpg]
[consiliumnsit.com/images/team/apoorv.jpg]
[consiliumnsit.com/images/team/apoorva.jpg]
[consiliumnsit.com/images/team/divij.jpg]
[consiliumnsit.com/images/team/divit.jpg]
[consiliumnsit.com/images/team/raghav.jpg]
[consiliumnsit.com/images/team/ritvik.jpg]
[consiliumnsit.com/images/team/shiv.jpg]
[consiliumnsit.com/images/team/varun.jpg]
[ajax.googleapis.com/ajax/libs/jquery/1.11.3/jquery.min.js]
[consiliumnsit.com/slick/slick.min.js]
[consiliumnsit.com/js/bootstrap.min.js]
[consiliumnsit.com/js/jquery.flexslider-min.js]
[consiliumnsit.com/js/jquery.fancybox.pack.js]
[consiliumnsit.com/js/retina.min.js]
[consiliumnsit.com/js/main.js]
[consiliumnsit.com/index.html]
[consiliumnsit.com/js/modernizr.js]
[consiliumnsit.com/fonts/glyphicons-halflings-regular.woff2]
[consiliumnsit.com/fonts/glyphicons-halflings-regular.eot]
[consiliumnsit.com/fonts/glyphicons-halflings-regular.woff]
[consiliumnsit.com/fonts/glyphicons-halflings-regular.ttf]
[consiliumnsit.com/fonts/glyphicons-halflings-regulard41d.eot]
[consiliumnsit.com/css/bootstrap.min.css]
[consiliumnsit.com/fonts/glyphicons-halflings-regular.svg]
[consiliumnsit.com/css/fonts/flexslider-icon.44.delayed]
[consiliumnsit.com/css/fonts/flexslider-icon.45d41d.delayed]
[consiliumnsit.com/css/fonts/flexslider-icon.46.delayed]
[consiliumnsit.com/css/fonts/flexslider-icon.47.delayed]
[consiliumnsit.com/css/fonts/flexslider-icon.48.delayed]
[consiliumnsit.com/css/flexslider.css]
[consiliumnsit.com/images/fancybox_sprite.49.delayed]
[consiliumnsit.com/images/fancybox_loading.gif]
[consiliumnsit.com/images/blank.gif]
[consiliumnsit.com/images/fancybox_overlay.4c.delayed]
[consiliumnsit.com/images/fancybox_sprite@2x.4d.delayed]
[consiliumnsit.com/images/fancybox_loading@2x.gif]
[consiliumnsit.com/css/jquery.fancybox.css]
[consiliumnsit.com/css/Kelson Sans Bold.4f.delayed]
[maxcdn.bootstrapcdn.com/font-awesome/4.7.0/css/font-awesome.min.css]
[consiliumnsit.com/images/bg3.png]
[consiliumnsit.com/css/main.css]
[consiliumnsit.com/css/responsive.css]
[consiliumnsit.com/css/animate.min.css]
[consiliumnsit.com/fonts/elegant-theme-line9078.ttf]
[consiliumnsit.com/fonts/Bariol.otf]
[consiliumnsit.com/fonts/elegant-theme-line9078.svg]
[consiliumnsit.com/fonts/elegant-theme-line9078.eot]
[consiliumnsit.com/fonts/elegant-theme-line9078.woff]
[consiliumnsit.com/css/font-icon.css]
[maxcdn.bootstrapcdn.com/font-awesome/4.4.0/css/font-awesome.min.css]
[consiliumnsit.com/css/Footer-with-map.css]
[consiliumnsit.com/slick/slick.css]
[consiliumnsit.com/slick/ajax-loader.gif]
[consiliumnsit.com/slick/fonts/slick.eot]
[consiliumnsit.com/slick/fonts/slickd41d.eot]
[consiliumnsit.com/slick/fonts/slick.woff]
[consiliumnsit.com/slick/fonts/slick.ttf]
[consiliumnsit.com/slick/slick-theme.css]
[consiliumnsit.com/slick/fonts/slick.svg]
[consiliumnsit.com/css/index.css]
[consiliumnsit.com/fonts/Kelson Sans Bold.otf]
[consiliumnsit.com/tradeverse.html]
[consiliumnsit.com/css/tradeverse-event.css]
[consiliumnsit.com/ccc.html]
[consiliumnsit.com/css/ccc-event.css]
[consiliumnsit.com/nsbc.html]
[consiliumnsit.com/css/bcase-event.css]
[consiliumnsit.com/hackrupt.html]
[consiliumnsit.com/css/codetech-event.css]
[consiliumnsit.com/shatranj.html]
[consiliumnsit.com/css/shatranj-event.css]
[consiliumnsit.com/kaizen.html]
[consiliumnsit.com/css/kaizen-event.css]
[consiliumnsit.com/css/speakersession.css]
[consiliumnsit.com/images/awdesh.jpg]
[consiliumnsit.com/images/balaji.jpg]
[consiliumnsit.com/images/prashant.jpg]
[consiliumnsit.com/speaker.html]
[consiliumnsit.com/fonts/glyphicons-halflings-regular.svg]
[consiliumnsit.com/css/fonts/flexslider-icon.html]
[consiliumnsit.com/css/fonts/flexslider-icond41d.html]
[consiliumnsit.com/css/fonts/flexslider-icon-2.html]
[consiliumnsit.com/css/fonts/flexslider-icon-3.html]
[consiliumnsit.com/css/fonts/flexslider-icon-4.html]
[consiliumnsit.com/images/fancybox_sprite.html]
[consiliumnsit.com/images/fancybox_overlay.html]
[consiliumnsit.com/images/fancybox_sprite@2x.html]
[consiliumnsit.com/css/Kelson Sans Bold.html]
[maxcdn.bootstrapcdn.com/font-awesome/4.7.0/css/font-awesome.min.css]
[consiliumnsit.com/fonts/elegant-theme-line9078.svg]
[consiliumnsit.com/slick/fonts/slick.svg]
[consiliumnsit.com/images/mockstock.png]
[consiliumnsit.com/css/tradeverse-event.css]
[consiliumnsit.com/images/4.png]
[consiliumnsit.com/images/ccc-phone.png]
[consiliumnsit.com/css/ccc-event.css]
[consiliumnsit.com/images/2-.png]
[consiliumnsit.com/css/bcase-event.css]
[consiliumnsit.com/images/hackrupt.png]
[consiliumnsit.com/images/1.png]
[consiliumnsit.com/img/downloads-bg.6e.delayed]
[consiliumnsit.com/css/codetech-event.css]
[consiliumnsit.com/images/shatranj9.png]
[consiliumnsit.com/css/shatranj-event.css]
[consiliumnsit.com/css/kaizen-event.css]
[consiliumnsit.com/images/3.png]
[consiliumnsit.com/css/speakersession.css]
[consiliumnsit.com/images/2-.png]
[consiliumnsit.com/img/downloads-bg.html]
